C:\Users\oneal\AppData\Local\Packages\PythonSoftwareFoundation.Python.3.11_qbz5n2kfra8p0\LocalCache\local-packages\Python311\site-packages\keras\src\export\tf2onnx_lib.py:8: FutureWarning: In the future `np.object` will be defined as the corresponding NumPy scalar.
  if not hasattr(np, "object"):
WARNING:tensorflow:5 out of the last 5 calls to <function TensorFlowTrainer.make_predict_function.<locals>.one_step_on_data_distributed at 0x0000016B411ED9E0> triggered tf.function retracing. Tracing is expensive and the excessive number of tracings could be due to (1) creating @tf.function repeatedly in a loop, (2) passing tensors with different shapes, (3) passing Python objects instead of tensors. For (1), please define your @tf.function outside of the loop. For (2), @tf.function has reduce_retracing=True option that can avoid unnecessary retracing. For (3), please refer to https://www.tensorflow.org/guide/function#controlling_retracing and https://www.tensorflow.org/api_docs/python/tf/function for  more details.
Comparing: v1, v2, v3_a4_500k, v3_a5_1M, v3

====================================================================================================
REAL SHOTS: sigma comparison (v1, v2, v3_a4_500k, v3_a5_1M, v3), physical units
====================================================================================================

--- 10084_cv ---
  param        v1: mu +/- sigma        v2: mu +/- sigma  v3_a4_500k: mu +/- sigma  v3_a5_1M: mu +/- sigma        v3: mu +/- sigma
    a1    500.00 +/-      3.37      0.10 +/-     67.65    203.55 +/-    137.19    172.19 +/-    126.02    172.19 +/-    126.02
    a2      1.00 +/-    146.93      1.00 +/-      0.13      0.12 +/-      0.14      0.04 +/-      0.13      0.04 +/-      0.13
    a3      0.00 +/-      6.04      0.00 +/-     13.53     13.91 +/-     13.79      4.71 +/-     10.30      4.71 +/-     10.30
    a4      1.00 +/-      0.32     45.77 +/-      6.50     27.03 +/-      9.62     25.36 +/-     11.79     25.36 +/-     11.79
    a5      5.00 +/-      0.64    100.00 +/-     12.86     52.21 +/-     22.49     48.42 +/-     20.57     48.42 +/-     20.57
  p(bump) [v2] = 1.000
  p(bump) [v3_a4_500k] = 0.845
  p(bump) [v3_a5_1M] = 0.311
  p(bump) [v3] = 0.311

--- 10084_ch ---
  param        v1: mu +/- sigma        v2: mu +/- sigma  v3_a4_500k: mu +/- sigma  v3_a5_1M: mu +/- sigma        v3: mu +/- sigma
    a1      0.10 +/-      3.37      0.10 +/-     67.65    170.62 +/-     69.51     49.02 +/-     76.23     49.02 +/-     76.23
    a2      1.00 +/-    146.93      1.00 +/-      0.13      0.76 +/-      0.14      0.66 +/-      0.14      0.66 +/-      0.14
    a3      0.00 +/-  14841.32      0.00 +/-     13.53     13.73 +/-     13.53     20.65 +/-     13.54     20.65 +/-     13.54
    a4      1.00 +/-      0.32      1.00 +/-      6.50     49.00 +/-      6.50     37.75 +/-      6.50     37.75 +/-      6.50
    a5      5.00 +/-      0.64    100.00 +/-     12.86     24.33 +/-     13.03     77.98 +/-     28.38     77.98 +/-     28.38
  p(bump) [v2] = 1.000
  p(bump) [v3_a4_500k] = 1.000
  p(bump) [v3_a5_1M] = 1.000
  p(bump) [v3] = 1.000

--- 11696_cv ---
  param        v1: mu +/- sigma        v2: mu +/- sigma  v3_a4_500k: mu +/- sigma  v3_a5_1M: mu +/- sigma        v3: mu +/- sigma
    a1    500.00 +/-      3.37    500.00 +/-     67.65    370.26 +/-    132.34    142.43 +/-    139.78    142.43 +/-    139.78
    a2      0.14 +/-    146.93      1.00 +/-      0.13      0.82 +/-      0.13      1.00 +/-      0.13      1.00 +/-      0.13
    a3    100.00 +/-  14841.32      0.00 +/-     13.53      0.00 +/-      0.00      0.00 +/-      0.08      0.00 +/-      0.08
    a4     49.00 +/-      0.32     49.00 +/-      6.50      1.00 +/-      6.50      8.16 +/-      6.50      8.16 +/-      6.50
    a5      5.00 +/-      0.64    100.00 +/-     12.86     98.66 +/-    167.44      5.00 +/-     14.76      5.00 +/-     14.76
  p(bump) [v2] = 1.000
  p(bump) [v3_a4_500k] = 0.000
  p(bump) [v3_a5_1M] = 0.000
  p(bump) [v3] = 0.000

--- 11696_ch ---
  param        v1: mu +/- sigma        v2: mu +/- sigma  v3_a4_500k: mu +/- sigma  v3_a5_1M: mu +/- sigma        v3: mu +/- sigma
    a1    500.00 +/-      3.37    500.00 +/-     67.65    140.94 +/-    122.79    381.10 +/-     90.75    381.10 +/-     90.75
    a2      1.00 +/-    146.93      0.01 +/-      0.13      1.00 +/-      0.13      1.00 +/-      0.13      1.00 +/-      0.13
    a3      0.00 +/-      0.67    100.00 +/-     13.53      0.00 +/-      0.01     23.55 +/-     19.20     23.55 +/-     19.20
    a4     49.00 +/-      0.32     49.00 +/-      6.50      1.00 +/-      6.50     49.00 +/-      6.50     49.00 +/-      6.50
    a5      5.00 +/-      0.64      5.00 +/-     12.86     37.79 +/-     12.86     31.78 +/-     14.45     31.78 +/-     14.45
  p(bump) [v2] = 1.000
  p(bump) [v3_a4_500k] = 0.000
  p(bump) [v3_a5_1M] = 0.697
  p(bump) [v3] = 0.697

--- 11705_cv ---
  param        v1: mu +/- sigma        v2: mu +/- sigma  v3_a4_500k: mu +/- sigma  v3_a5_1M: mu +/- sigma        v3: mu +/- sigma
    a1    500.00 +/-      3.37    500.00 +/-     67.65    274.12 +/-     86.36    310.16 +/-     94.46    310.16 +/-     94.46
    a2      1.00 +/-    146.93      0.01 +/-      0.13      0.63 +/-      0.13      0.83 +/-      0.13      0.83 +/-      0.13
    a3    100.00 +/-  14841.32      0.00 +/-     13.53      7.59 +/-     13.19     10.13 +/-     13.53     10.13 +/-     13.53
    a4     49.00 +/-      0.32     49.00 +/-      6.50     16.64 +/-      6.50     17.26 +/-      6.50     17.26 +/-      6.50
    a5      5.00 +/-      0.64      5.00 +/-     12.86     63.98 +/-     13.40      5.00 +/-     13.18      5.00 +/-     13.18
  p(bump) [v2] = 1.000
  p(bump) [v3_a4_500k] = 0.924
  p(bump) [v3_a5_1M] = 1.000
  p(bump) [v3] = 1.000

--- 11705_ch ---
  param        v1: mu +/- sigma        v2: mu +/- sigma  v3_a4_500k: mu +/- sigma  v3_a5_1M: mu +/- sigma        v3: mu +/- sigma
    a1    500.00 +/-      3.37    136.39 +/-     67.65    354.63 +/-     88.75    346.93 +/-    118.69    346.93 +/-    118.69
    a2      1.00 +/-    146.93      0.01 +/-      0.13      0.91 +/-      0.13      0.86 +/-      0.13      0.86 +/-      0.13
    a3      0.00 +/-      0.67     65.04 +/-     13.53      7.14 +/-     13.50     19.68 +/-     13.53     19.68 +/-     13.53
    a4     49.00 +/-      0.32      1.00 +/-      6.50     15.23 +/-      6.50     21.11 +/-      6.50     21.11 +/-      6.50
    a5      5.00 +/-      0.64      5.00 +/-     12.86     74.84 +/-     13.12     24.55 +/-     14.22     24.55 +/-     14.22
  p(bump) [v2] = 1.000
  p(bump) [v3_a4_500k] = 0.994
  p(bump) [v3_a5_1M] = 1.000
  p(bump) [v3] = 1.000

--- 11707_cv ---
  param        v1: mu +/- sigma        v2: mu +/- sigma  v3_a4_500k: mu +/- sigma  v3_a5_1M: mu +/- sigma        v3: mu +/- sigma
    a1    500.00 +/-      3.37    500.00 +/-     67.65    165.14 +/-    101.43    197.59 +/-    125.90    197.59 +/-    125.90
    a2      1.00 +/-    146.93      0.01 +/-      0.13      0.37 +/-      0.16      0.25 +/-      0.14      0.25 +/-      0.14
    a3    100.00 +/-  14841.32      0.00 +/-     13.53     11.79 +/-     13.43      8.88 +/-     12.76      8.88 +/-     12.76
    a4     49.00 +/-      0.32     49.00 +/-      6.50     19.79 +/-      6.50     20.21 +/-      6.50     20.21 +/-      6.50
    a5      5.00 +/-      0.64    100.00 +/-     12.86     13.00 +/-     14.09     40.96 +/-     18.56     40.96 +/-     18.56
  p(bump) [v2] = 1.000
  p(bump) [v3_a4_500k] = 0.914
  p(bump) [v3_a5_1M] = 0.593
  p(bump) [v3] = 0.593

--- 11707_ch ---
  param        v1: mu +/- sigma        v2: mu +/- sigma  v3_a4_500k: mu +/- sigma  v3_a5_1M: mu +/- sigma        v3: mu +/- sigma
    a1    500.00 +/-      3.37    108.41 +/-     67.65    218.44 +/-    114.00    245.66 +/-    123.71    245.66 +/-    123.71
    a2      1.00 +/-      2.62      0.01 +/-      0.13      0.33 +/-      0.21      0.39 +/-      0.19      0.39 +/-      0.19
    a3      0.00 +/-      0.67     55.02 +/-     13.53     13.63 +/-     13.67     14.97 +/-     13.54     14.97 +/-     13.54
    a4     49.00 +/-      0.32      1.00 +/-      6.50     32.08 +/-      6.50     27.15 +/-      6.74     27.15 +/-      6.74
    a5      5.00 +/-      0.64      5.00 +/-     12.86     55.89 +/-     18.69     37.44 +/-     16.53     37.44 +/-     16.53
  p(bump) [v2] = 1.000
  p(bump) [v3_a4_500k] = 0.873
  p(bump) [v3_a5_1M] = 0.995
  p(bump) [v3] = 0.995

--- 11716_cv ---
  param        v1: mu +/- sigma        v2: mu +/- sigma  v3_a4_500k: mu +/- sigma  v3_a5_1M: mu +/- sigma        v3: mu +/- sigma
    a1      0.10 +/-      3.37    500.00 +/-     67.65    100.39 +/-    108.15    101.91 +/-    119.43    101.91 +/-    119.43
    a2      1.00 +/-      0.01      1.00 +/-      0.13      0.43 +/-      0.24      0.28 +/-      0.24      0.28 +/-      0.24
    a3     66.97 +/-      0.67      0.00 +/-     13.53     17.32 +/-     13.68     11.13 +/-     13.55     11.13 +/-     13.55
    a4     49.00 +/-      2.70     26.83 +/-      6.50     22.79 +/-      6.50     24.54 +/-      6.70     24.54 +/-      6.70
    a5      5.00 +/-      0.64      5.00 +/-     12.86     37.19 +/-     15.50     52.94 +/-     21.13     52.94 +/-     21.13
  p(bump) [v2] = 1.000
  p(bump) [v3_a4_500k] = 0.969
  p(bump) [v3_a5_1M] = 0.671
  p(bump) [v3] = 0.671

--- 11716_ch ---
  param        v1: mu +/- sigma        v2: mu +/- sigma  v3_a4_500k: mu +/- sigma  v3_a5_1M: mu +/- sigma        v3: mu +/- sigma
    a1      0.10 +/-      3.37      0.10 +/-     67.65    136.13 +/-     95.60    107.49 +/-    117.50    107.49 +/-    117.50
    a2      1.00 +/-      0.02      1.00 +/-      0.13      0.42 +/-      0.18      0.34 +/-      0.22      0.34 +/-      0.22
    a3     58.30 +/-      0.67    100.00 +/-     13.53     16.85 +/-     13.59     13.79 +/-     14.18     13.79 +/-     14.18
    a4     49.00 +/-      0.38     49.00 +/-      6.50     38.81 +/-      6.50     32.80 +/-      6.50     32.80 +/-      6.50
    a5      5.00 +/-      0.64      5.00 +/-     12.86     50.72 +/-     17.03     52.36 +/-     20.32     52.36 +/-     20.32
  p(bump) [v2] = 1.000
  p(bump) [v3_a4_500k] = 0.985
  p(bump) [v3_a5_1M] = 0.747
  p(bump) [v3] = 0.747

--- 11733_cv ---
  param        v1: mu +/- sigma        v2: mu +/- sigma  v3_a4_500k: mu +/- sigma  v3_a5_1M: mu +/- sigma        v3: mu +/- sigma
    a1     18.68 +/-      3.37    500.00 +/-     67.65     82.16 +/-     87.28    138.35 +/-     88.42    138.35 +/-     88.42
    a2      1.00 +/-      0.01      0.01 +/-      0.13      0.41 +/-      0.17      0.47 +/-      0.19      0.47 +/-      0.19
    a3     15.79 +/-      0.67      0.00 +/-     13.53     17.01 +/-     13.54     15.89 +/-     13.54     15.89 +/-     13.54
    a4     49.00 +/-   7123.83      1.00 +/-      6.50     39.02 +/-      6.50     45.43 +/-      6.50     45.43 +/-      6.50
    a5      5.00 +/-      0.64    100.00 +/-     12.86     51.67 +/-     19.40     58.32 +/-     21.05     58.32 +/-     21.05
  p(bump) [v2] = 1.000
  p(bump) [v3_a4_500k] = 1.000
  p(bump) [v3_a5_1M] = 0.997
  p(bump) [v3] = 0.997

--- 11733_ch ---
  param        v1: mu +/- sigma        v2: mu +/- sigma  v3_a4_500k: mu +/- sigma  v3_a5_1M: mu +/- sigma        v3: mu +/- sigma
    a1      0.10 +/-      3.37      0.10 +/-     67.65     61.37 +/-     82.11    138.41 +/-     85.09    138.41 +/-     85.09
    a2      1.00 +/-    146.93      0.01 +/-      0.13      0.46 +/-      0.16      0.49 +/-      0.17      0.49 +/-      0.17
    a3    100.00 +/-  14841.32      0.00 +/-     13.53     17.31 +/-     13.53     15.66 +/-     13.54     15.66 +/-     13.54
    a4     49.00 +/-      0.32      1.00 +/-      6.50     36.43 +/-      6.50     47.13 +/-      6.50     47.13 +/-      6.50
    a5      5.00 +/-      0.64    100.00 +/-     12.86     67.92 +/-     23.29     58.64 +/-     20.60     58.64 +/-     20.60
  p(bump) [v2] = 1.000
  p(bump) [v3_a4_500k] = 1.000
  p(bump) [v3_a5_1M] = 0.998
  p(bump) [v3] = 0.998

--- 11698_cv ---
  param        v1: mu +/- sigma        v2: mu +/- sigma  v3_a4_500k: mu +/- sigma  v3_a5_1M: mu +/- sigma        v3: mu +/- sigma
    a1    445.44 +/-      3.37    500.00 +/-     67.65    202.18 +/-    115.79    221.31 +/-    122.53    221.31 +/-    122.53
    a2      0.96 +/-    146.93      1.00 +/-      0.13      0.14 +/-      0.13      0.15 +/-      0.13      0.15 +/-      0.13
    a3    100.00 +/-  14841.32      0.00 +/-     13.53      8.39 +/-     12.53     10.47 +/-     13.20     10.47 +/-     13.20
    a4     17.21 +/-      0.32     49.00 +/-      6.50     32.12 +/-      9.44     23.30 +/-     10.84     23.30 +/-     10.84
    a5      5.00 +/-      0.64    100.00 +/-     12.86     45.05 +/-     17.90     50.14 +/-     21.02     50.14 +/-     21.02
  p(bump) [v2] = 1.000
  p(bump) [v3_a4_500k] = 0.594
  p(bump) [v3_a5_1M] = 0.727
  p(bump) [v3] = 0.727

--- 11698_ch ---
  param        v1: mu +/- sigma        v2: mu +/- sigma  v3_a4_500k: mu +/- sigma  v3_a5_1M: mu +/- sigma        v3: mu +/- sigma
    a1    500.00 +/-      3.37    500.00 +/-     67.65     81.85 +/-     79.62    161.07 +/-    100.28    161.07 +/-    100.28
    a2      1.00 +/-     49.45      0.01 +/-      0.13      0.42 +/-      0.15      0.44 +/-      0.18      0.44 +/-      0.18
    a3      0.00 +/-      0.67    100.00 +/-     13.53     16.39 +/-     13.53     16.57 +/-     13.54     16.57 +/-     13.54
    a4     49.00 +/-      0.32      1.00 +/-      6.50     45.96 +/-      6.50     44.17 +/-      6.51     44.17 +/-      6.51
    a5      5.00 +/-      0.64      5.00 +/-     12.86     36.63 +/-     16.56     37.35 +/-     17.36     37.35 +/-     17.36
  p(bump) [v2] = 1.000
  p(bump) [v3_a4_500k] = 1.000
  p(bump) [v3_a5_1M] = 1.000
  p(bump) [v3] = 1.000

====================================================================================================
Summary: mean and max sigma across all real shots, per parameter
====================================================================================================
param       v1 mean/max sig       v2 mean/max sig  v3_a4_500k mean/max sig  v3_a5_1M mean/max sig       v3 mean/max sig
  a1      3.37/    3.37     67.65/   67.65    101.49/  137.19    109.20/  139.78    109.20/  139.78
  a2     98.18/  146.93      0.13/    0.13      0.16/    0.24      0.16/    0.24      0.16/    0.24
  a3   6361.33/14841.32     13.53/   13.53     11.54/   13.79     12.72/   19.20     12.72/   19.20
  a4    509.32/ 7123.83      6.50/    6.50      6.93/    9.62      7.22/   11.79      7.22/   11.79
  a5      0.64/    0.64     12.86/   12.86     27.49/  167.44     18.72/   28.38     18.72/   28.38

Saved pff_v1_v2_real_shot_sigma.csv

Sigma variation across the 14 real shots (std of per-shot sigma; ~0 = collapsed/constant):
  v1: a1=0.0000  a2=68.9506  a3=7621.1060  a4=1903.7878  a5=0.0000
  v2: a1=0.0000  a2=0.0000  a3=0.0000  a4=0.0000  a5=0.0000
  v3_a4_500k: a1=20.7352  a2=0.0321  a3=4.8956  a4=1.1016  a5=40.4245
  v3_a5_1M: a1=19.3872  a2=0.0362  a3=4.0706  a4=1.7473  a5=4.0283
  v3: a1=19.3872  a2=0.0362  a3=4.0706  a4=1.7473  a5=4.0283

====================================================================================================
SYNTHETIC DATA (200 samples, seed=123): accuracy + calibration
====================================================================================================
param      v1 MAE      v2 MAE  v3_a4_500k MAE  v3_a5_1M MAE      v3 MAE
  a1     222.506     241.293     112.291     112.957     112.957
  a2       0.687       0.426       0.102       0.094       0.094
  a3      70.263      10.556       5.405       5.392       5.392
  a4      22.486      26.007      14.581      13.896      13.896
  a5      39.802      48.007      21.731      19.894      19.894

  v1: 1-sigma coverage a1/a2/a3=56%  a4/a5(bump)=10%  (want ~68%)
  v2: 1-sigma coverage a1/a2/a3=32%  a4/a5(bump)=8%  (want ~68%)  bump_acc=50.5%
  v3_a4_500k: 1-sigma coverage a1/a2/a3=72%  a4/a5(bump)=46%  (want ~68%)  bump_acc=76.5%
  v3_a5_1M: 1-sigma coverage a1/a2/a3=74%  a4/a5(bump)=60%  (want ~68%)  bump_acc=69.0%
  v3: 1-sigma coverage a1/a2/a3=74%  a4/a5(bump)=60%  (want ~68%)  bump_acc=69.0%
