2026-08-14 10:36:15.990681: I tensorflow/core/util/port.cc:153] oneDNN custom operations are on. You may see slightly different numerical results due to floating-point round-off errors from different computation orders. To turn them off, set the environment variable `TF_ENABLE_ONEDNN_OPTS=0`.
2026-08-14 10:36:17.570469: I tensorflow/core/util/port.cc:153] oneDNN custom operations are on. You may see slightly different numerical results due to floating-point round-off errors from different computation orders. To turn them off, set the environment variable `TF_ENABLE_ONEDNN_OPTS=0`.
C:\Users\oneal\AppData\Local\Packages\PythonSoftwareFoundation.Python.3.11_qbz5n2kfra8p0\LocalCache\local-packages\Python311\site-packages\keras\src\export\tf2onnx_lib.py:8: FutureWarning: In the future `np.object` will be defined as the corresponding NumPy scalar.
  if not hasattr(np, "object"):
2026-08-14 10:36:41.790593: I tensorflow/core/platform/cpu_feature_guard.cc:210] This TensorFlow binary is optimized to use available CPU instructions in performance-critical operations.
To enable the following instructions: SSE3 SSE4.1 SSE4.2 AVX AVX2 AVX_VNNI FMA, in other operations, rebuild TensorFlow with the appropriate compiler flags.
a4 prior: mean=15.0, std=3.0, bounds=[7.0,23.0]
a5 prior: mean=0.1, std=0.05, bounds=[0.02,0.3]
a6 prior: mean=90.0, std=40.0, bounds=[30.0,200.0]
DRM shape: (200, 200)
Generated 500000 samples in 19.72s
  ep  10 | val_loss -2.11059 | spec_mse 1516.69 | rel_mse 31.2510 | 1sig cov 79% (bump 67%) | bump_acc 66%
           all : a1=107.520 | a2=0.078 | a3=6.070 | a4=2.846 | a5=0.039 | a6=29.673
           bump: a1=103.589 | a2=0.095 | a3=6.770 | a4=2.353 | a5=0.038 | a6=29.021
           max sigma: a1=168.68 | a2=0.44 | a3=14.61 | a4=3.38 | a5=0.06 | a6=52.74
  ep  20 | val_loss -1.93720 | spec_mse 1574.00 | rel_mse 36.4345 | 1sig cov 76% (bump 64%) | bump_acc 63%
           all : a1=109.225 | a2=0.077 | a3=6.231 | a4=2.749 | a5=0.040 | a6=30.154
           bump: a1=105.301 | a2=0.097 | a3=7.173 | a4=2.354 | a5=0.039 | a6=29.756
           max sigma: a1=173.70 | a2=0.43 | a3=15.26 | a4=3.38 | a5=0.10 | a6=58.20
Epoch 27: early stopping

Stopped at epoch 27  (best epoch: 1)
Training wall time : 2007.1s  (74.34s/epoch)
Bump classifier acc: 67.9%
  a1: MAE=102.4687  max_sigma=167.4657
  a2: MAE=0.0931  max_sigma=0.1477
  a3: MAE=14.1600  max_sigma=17.8784
  a4: MAE=2.3204  max_sigma=3.5301
  a5: MAE=0.0367  max_sigma=0.0518
  a6: MAE=28.4263  max_sigma=44.4499
1-sigma coverage   : a1/a2/a3=73% a4/a5(bump)=69%  (want ~68%)
Saved model_pff_v4_bumpcenter.keras and pff_training_results_v4_bumpcenter.json

================================================================================
REAL SHOTS -- a4 (bump centre) prediction, v4 (recalibrated priors)
================================================================================
    10084_cv: p(bump)=0.654  a4=  15.61 +/-   3.38 MeV
    10084_ch: p(bump)=0.210  a4=  18.78 +/-   3.38 MeV
    11696_cv: p(bump)=0.000  a4=  14.47 +/-   3.38 MeV
    11696_ch: p(bump)=0.000  a4=   7.46 +/-   3.38 MeV
    11705_cv: p(bump)=1.000  a4=  14.26 +/-   3.38 MeV
    11705_ch: p(bump)=0.411  a4=  19.03 +/-   3.38 MeV
    11707_cv: p(bump)=1.000  a4=  16.45 +/-   3.38 MeV
    11707_ch: p(bump)=0.025  a4=  16.85 +/-   3.38 MeV
    11716_cv: p(bump)=0.600  a4=  15.53 +/-   3.38 MeV
    11716_ch: p(bump)=0.395  a4=  15.74 +/-   3.38 MeV
    11733_cv: p(bump)=0.481  a4=  16.15 +/-   3.38 MeV
    11733_ch: p(bump)=0.537  a4=  15.56 +/-   3.38 MeV
    11698_cv: p(bump)=0.495  a4=  15.07 +/-   3.38 MeV
    11698_ch: p(bump)=0.059  a4=  16.96 +/-   3.38 MeV
Saved pff_v4_bumpcenter_real_shots.csv

Total wall time: 2031.3s
