2026-08-10 01:56:16.349588: I tensorflow/core/util/port.cc:153] oneDNN custom operations are on. You may see slightly different numerical results due to floating-point round-off errors from different computation orders. To turn them off, set the environment variable `TF_ENABLE_ONEDNN_OPTS=0`.
2026-08-10 01:56:18.077531: I tensorflow/core/util/port.cc:153] oneDNN custom operations are on. You may see slightly different numerical results due to floating-point round-off errors from different computation orders. To turn them off, set the environment variable `TF_ENABLE_ONEDNN_OPTS=0`.
C:\Users\oneal\AppData\Local\Packages\PythonSoftwareFoundation.Python.3.11_qbz5n2kfra8p0\LocalCache\local-packages\Python311\site-packages\keras\src\export\tf2onnx_lib.py:8: FutureWarning: In the future `np.object` will be defined as the corresponding NumPy scalar.
  if not hasattr(np, "object"):
2026-08-10 01:56:30.508314: I tensorflow/core/platform/cpu_feature_guard.cc:210] This TensorFlow binary is optimized to use available CPU instructions in performance-critical operations.
To enable the following instructions: SSE3 SSE4.1 SSE4.2 AVX AVX2 AVX_VNNI FMA, in other operations, rebuild TensorFlow with the appropriate compiler flags.
DRM shape: (200, 200)  min=841.643  max=296502384.657
Data generator: generate_pff_training_data (calibrated noise + saturation)
Generating 500000 samples (250000 with bump, 250000 without)...
  Generated in 9.92s
X shape: (500000, 200)  y shape: (500000, 5)
Model: "pff_regressor_v2"
+--------------------------------------------------------------------------+
| Layer (type)        | Output Shape      |    Param # | Connected to      |
|---------------------+-------------------+------------+-------------------|
| detector_response   | (None, 200)       |          0 | -                 |
| (InputLayer)        |                   |            |                   |
|---------------------+-------------------+------------+-------------------|
| dense (Dense)       | (None, 512)       |    102,912 | detector_respons… |
|---------------------+-------------------+------------+-------------------|
| batch_normalization | (None, 512)       |      2,048 | dense[0][0]       |
| (BatchNormalizatio… |                   |            |                   |
|---------------------+-------------------+------------+-------------------|
| activation          | (None, 512)       |          0 | batch_normalizat… |
| (Activation)        |                   |            |                   |
|---------------------+-------------------+------------+-------------------|
| dense_1 (Dense)     | (None, 256)       |    131,328 | activation[0][0]  |
|---------------------+-------------------+------------+-------------------|
| batch_normalizatio… | (None, 256)       |      1,024 | dense_1[0][0]     |
| (BatchNormalizatio… |                   |            |                   |
|---------------------+-------------------+------------+-------------------|
| activation_1        | (None, 256)       |          0 | batch_normalizat… |
| (Activation)        |                   |            |                   |
|---------------------+-------------------+------------+-------------------|
| dense_2 (Dense)     | (None, 128)       |     32,896 | activation_1[0][… |
|---------------------+-------------------+------------+-------------------|
| batch_normalizatio… | (None, 128)       |        512 | dense_2[0][0]     |
| (BatchNormalizatio… |                   |            |                   |
|---------------------+-------------------+------------+-------------------|
| activation_2        | (None, 128)       |          0 | batch_normalizat… |
| (Activation)        |                   |            |                   |
|---------------------+-------------------+------------+-------------------|
| a12_logvar_tanh     | (None, 2)         |        258 | activation_2[0][… |
| (Dense)             |                   |            |                   |
|---------------------+-------------------+------------+-------------------|
| a345_logvar_tanh    | (None, 3)         |        387 | activation_2[0][… |
| (Dense)             |                   |            |                   |
|---------------------+-------------------+------------+-------------------|
| a12_mean (Dense)    | (None, 2)         |        258 | activation_2[0][… |
|---------------------+-------------------+------------+-------------------|
| a12_logvar          | (None, 2)         |          0 | a12_logvar_tanh[… |
| (Rescaling)         |                   |            |                   |
|---------------------+-------------------+------------+-------------------|
| bump_logit (Dense)  | (None, 1)         |        129 | activation_2[0][… |
|---------------------+-------------------+------------+-------------------|
| a345_mean (Dense)   | (None, 3)         |        387 | activation_2[0][… |
|---------------------+-------------------+------------+-------------------|
| a345_logvar         | (None, 3)         |          0 | a345_logvar_tanh… |
| (Rescaling)         |                   |            |                   |
|---------------------+-------------------+------------+-------------------|
| pff_params_v2       | (None, 11)        |          0 | a12_mean[0][0],   |
| (Concatenate)       |                   |            | a12_logvar[0][0], |
|                     |                   |            | bump_logit[0][0], |
|                     |                   |            | a345_mean[0][0],  |
|                     |                   |            | a345_logvar[0][0] |
+--------------------------------------------------------------------------+
 Total params: 272,139 (1.04 MB)
 Trainable params: 270,347 (1.03 MB)
 Non-trainable params: 1,792 (7.00 KB)
  ep  10 | val_loss -2.07115 | spec_mse 1862.58 | rel_mse 9.9563 | 1sig cov 78% (bump 64%) | bump_acc 77%
           all : a1=105.821 | a2=0.095 | a3=4.994 | a4=13.190 | a5=18.641
           bump: a1=99.079 | a2=0.122 | a3=6.314 | a4=7.197 | a5=17.314
           max sigma: a1=220.80 | a2=0.31 | a3=14.14 | a4=29.17 | a5=38.00
  ep  20 | val_loss -1.87710 | spec_mse 1896.11 | rel_mse 13.0000 | 1sig cov 76% (bump 59%) | bump_acc 75%
           all : a1=107.871 | a2=0.097 | a3=5.138 | a4=13.537 | a5=19.843
           bump: a1=101.536 | a2=0.124 | a3=6.380 | a4=7.670 | a5=18.270
           max sigma: a1=194.86 | a2=0.35 | a3=14.97 | a4=74.60 | a5=181.45
  ep  30 | val_loss -1.74967 | spec_mse 1911.64 | rel_mse 14.0212 | 1sig cov 75% (bump 57%) | bump_acc 74%
           all : a1=108.457 | a2=0.097 | a3=5.205 | a4=13.622 | a5=20.221
           bump: a1=102.031 | a2=0.125 | a3=6.542 | a4=7.841 | a5=18.701
           max sigma: a1=179.49 | a2=0.36 | a3=14.44 | a4=108.65 | a5=326.18
  ep  40 | val_loss -1.61064 | spec_mse 1931.39 | rel_mse 14.3386 | 1sig cov 74% (bump 55%) | bump_acc 73%
           all : a1=108.790 | a2=0.099 | a3=5.317 | a4=13.795 | a5=20.155
           bump: a1=102.525 | a2=0.126 | a3=6.652 | a4=7.962 | a5=19.009
           max sigma: a1=181.96 | a2=0.38 | a3=14.82 | a4=140.49 | a5=360.29
  ep  50 | val_loss -1.50826 | spec_mse 1941.14 | rel_mse 15.6493 | 1sig cov 74% (bump 55%) | bump_acc 73%
           all : a1=108.995 | a2=0.099 | a3=5.392 | a4=13.885 | a5=20.263
           bump: a1=102.645 | a2=0.126 | a3=6.727 | a4=8.025 | a5=19.205
           max sigma: a1=185.04 | a2=0.45 | a3=14.90 | a4=187.36 | a5=383.44
  ep  60 | val_loss -1.44450 | spec_mse 1943.52 | rel_mse 16.0752 | 1sig cov 73% (bump 54%) | bump_acc 72%
           all : a1=109.120 | a2=0.100 | a3=5.428 | a4=13.903 | a5=20.375
           bump: a1=102.780 | a2=0.127 | a3=6.795 | a4=8.053 | a5=19.297
           max sigma: a1=187.71 | a2=0.50 | a3=14.78 | a4=215.77 | a5=397.51
  ep  70 | val_loss -1.39767 | spec_mse 1945.82 | rel_mse 17.7819 | 1sig cov 73% (bump 54%) | bump_acc 72%
           all : a1=109.133 | a2=0.099 | a3=5.463 | a4=13.952 | a5=20.489
           bump: a1=102.822 | a2=0.127 | a3=6.846 | a4=8.067 | a5=19.363
           max sigma: a1=191.39 | a2=0.53 | a3=14.68 | a4=226.92 | a5=427.24
  ep  80 | val_loss -1.36437 | spec_mse 1946.74 | rel_mse 18.3931 | 1sig cov 73% (bump 54%) | bump_acc 72%
           all : a1=109.140 | a2=0.099 | a3=5.480 | a4=13.965 | a5=20.572
           bump: a1=102.851 | a2=0.127 | a3=6.882 | a4=8.076 | a5=19.404
           max sigma: a1=191.51 | a2=0.55 | a3=14.64 | a4=232.10 | a5=458.88
Epoch 83: early stopping

Stopped at epoch 83  (best epoch: 5)
Training wall time : 5916.5s  (71.28s/epoch)
Best val_loss      : -2.139852
Spectrum MSE       : 1839.8931  (at best epoch)
Spectrum rel-MSE   : 8.254567  (bump region, E>5 MeV)
Bump classifier acc: 78.2%
Param   MAE (all)  MAE (bump only)   Max sigma  (at best epoch)
  a1    104.8257          98.2109      202.23
  a2      0.0922           0.1193        0.26
  a3      5.0201           6.4071       14.45
  a4     12.6008           6.9425       25.20
  a5     17.7006          16.9841       29.07
1-sigma coverage   : a1/a2/a3=79% (want ~68%)  a4/a5(bump only)=67%
Saved model_pff_v3.keras and pff_training_results_v3.json

--- Timing summary ---
  Data generation   : 9.92s
  Training          : 5916.5s  (83 epochs, 71.28s/epoch)
  Total wall time   : 5927.7s
