2026-07-05 16:04:31.809226: I tensorflow/core/util/port.cc:153] oneDNN custom operations are on. You may see slightly different numerical results due to floating-point round-off errors from different computation orders. To turn them off, set the environment variable `TF_ENABLE_ONEDNN_OPTS=0`.
2026-07-05 16:04:34.024988: I tensorflow/core/util/port.cc:153] oneDNN custom operations are on. You may see slightly different numerical results due to floating-point round-off errors from different computation orders. To turn them off, set the environment variable `TF_ENABLE_ONEDNN_OPTS=0`.
C:\Users\oneal\AppData\Local\Packages\PythonSoftwareFoundation.Python.3.11_qbz5n2kfra8p0\LocalCache\local-packages\Python311\site-packages\keras\src\export\tf2onnx_lib.py:8: FutureWarning: In the future `np.object` will be defined as the corresponding NumPy scalar.
  if not hasattr(np, "object"):
2026-07-05 16:04:36.537854: I tensorflow/core/platform/cpu_feature_guard.cc:210] This TensorFlow binary is optimized to use available CPU instructions in performance-critical operations.
To enable the following instructions: SSE3 SSE4.1 SSE4.2 AVX AVX2 AVX_VNNI FMA, in other operations, rebuild TensorFlow with the appropriate compiler flags.
DRM: (200, 200)

=================================================================
  n_bins = 10  |  5.00 MeV/bin  |  N_SAMPLES = 1,000,000
=================================================================
mode=memory
Bootstrapping normalisation stats (10k samples)...
Generating 5,000 validation samples...
Model: "spectrum_regressor_n10"
+--------------------------------------------------------------------------+
| Layer (type)                    | Output Shape           |       Param # |
|---------------------------------+------------------------+---------------|
| detector_response (InputLayer)  | (None, 200)            |             0 |
|---------------------------------+------------------------+---------------|
| dense (Dense)                   | (None, 512)            |       102,912 |
|---------------------------------+------------------------+---------------|
| batch_normalization             | (None, 512)            |         2,048 |
| (BatchNormalization)            |                        |               |
|---------------------------------+------------------------+---------------|
| activation (Activation)         | (None, 512)            |             0 |
|---------------------------------+------------------------+---------------|
| dense_1 (Dense)                 | (None, 256)            |       131,328 |
|---------------------------------+------------------------+---------------|
| batch_normalization_1           | (None, 256)            |         1,024 |
| (BatchNormalization)            |                        |               |
|---------------------------------+------------------------+---------------|
| activation_1 (Activation)       | (None, 256)            |             0 |
|---------------------------------+------------------------+---------------|
| dense_2 (Dense)                 | (None, 128)            |        32,896 |
|---------------------------------+------------------------+---------------|
| batch_normalization_2           | (None, 128)            |           512 |
| (BatchNormalization)            |                        |               |
|---------------------------------+------------------------+---------------|
| activation_2 (Activation)       | (None, 128)            |             0 |
|---------------------------------+------------------------+---------------|
| dense_3 (Dense)                 | (None, 64)             |         8,256 |
|---------------------------------+------------------------+---------------|
| batch_normalization_3           | (None, 64)             |           256 |
| (BatchNormalization)            |                        |               |
|---------------------------------+------------------------+---------------|
| activation_3 (Activation)       | (None, 64)             |             0 |
|---------------------------------+------------------------+---------------|
| spectrum (Dense)                | (None, 10)             |           650 |
+--------------------------------------------------------------------------+
 Total params: 279,882 (1.07 MB)
 Trainable params: 277,962 (1.06 MB)
 Non-trainable params: 1,920 (7.50 KB)

Generating 1,000,000 training samples...
  Generated in 8.2s  (X: 800 MB, y: 40 MB)
  ep   10 | loss 1.53e-05 | val_loss 2.89e-05 | val_mae 2.41e-03
  ep   20 | loss 7.14e-06 | val_loss 1.98e-05 | val_mae 1.79e-03
  ep   30 | loss 4.81e-06 | val_loss 4.55e-06 | val_mae 1.02e-03
  ep   40 | loss 3.85e-06 | val_loss 5.80e-06 | val_mae 9.66e-04
  ep   50 | loss 3.38e-06 | val_loss 7.04e-06 | val_mae 1.00e-03
  ep   60 | loss 3.15e-06 | val_loss 5.25e-06 | val_mae 9.10e-04
Epoch 61: early stopping
Restoring model weights from the end of the best epoch: 31.

  Stopped at epoch 61  (best: 31)
  Training wall time : 1345.8s  (22.06s/epoch)
  Best val_loss      : 0.000004  (MSE on L1-normed 10-bin spectrum)
  Best val_MAE       : 0.000997
  Saved model_spectrum_n10.keras

Total wall time: 1346.5s
Saved spectrum_training_results.json
