2026-07-05 23:17:58.201832: I tensorflow/core/util/port.cc:153] oneDNN custom operations are on. You may see slightly different numerical results due to floating-point round-off errors from different computation orders. To turn them off, set the environment variable `TF_ENABLE_ONEDNN_OPTS=0`.
2026-07-05 23:18:14.021085: I tensorflow/core/util/port.cc:153] oneDNN custom operations are on. You may see slightly different numerical results due to floating-point round-off errors from different computation orders. To turn them off, set the environment variable `TF_ENABLE_ONEDNN_OPTS=0`.
C:\Users\oneal\AppData\Local\Packages\PythonSoftwareFoundation.Python.3.11_qbz5n2kfra8p0\LocalCache\local-packages\Python311\site-packages\keras\src\export\tf2onnx_lib.py:8: FutureWarning: In the future `np.object` will be defined as the corresponding NumPy scalar.
  if not hasattr(np, "object"):
2026-07-05 23:18:33.668263: I tensorflow/core/platform/cpu_feature_guard.cc:210] This TensorFlow binary is optimized to use available CPU instructions in performance-critical operations.
To enable the following instructions: SSE3 SSE4.1 SSE4.2 AVX AVX2 AVX_VNNI FMA, in other operations, rebuild TensorFlow with the appropriate compiler flags.
DRM: (200, 200)

=================================================================
  n_bins = 20  |  2.50 MeV/bin  |  N_SAMPLES = 1,000,000
=================================================================
mode=memory
Bootstrapping normalisation stats (10k samples)...
Generating 5,000 validation samples...
Model: "spectrum_regressor_n20"
+--------------------------------------------------------------------------+
| Layer (type)                    | Output Shape           |       Param # |
|---------------------------------+------------------------+---------------|
| detector_response (InputLayer)  | (None, 200)            |             0 |
|---------------------------------+------------------------+---------------|
| dense (Dense)                   | (None, 512)            |       102,912 |
|---------------------------------+------------------------+---------------|
| batch_normalization             | (None, 512)            |         2,048 |
| (BatchNormalization)            |                        |               |
|---------------------------------+------------------------+---------------|
| activation (Activation)         | (None, 512)            |             0 |
|---------------------------------+------------------------+---------------|
| dense_1 (Dense)                 | (None, 256)            |       131,328 |
|---------------------------------+------------------------+---------------|
| batch_normalization_1           | (None, 256)            |         1,024 |
| (BatchNormalization)            |                        |               |
|---------------------------------+------------------------+---------------|
| activation_1 (Activation)       | (None, 256)            |             0 |
|---------------------------------+------------------------+---------------|
| dense_2 (Dense)                 | (None, 128)            |        32,896 |
|---------------------------------+------------------------+---------------|
| batch_normalization_2           | (None, 128)            |           512 |
| (BatchNormalization)            |                        |               |
|---------------------------------+------------------------+---------------|
| activation_2 (Activation)       | (None, 128)            |             0 |
|---------------------------------+------------------------+---------------|
| dense_3 (Dense)                 | (None, 64)             |         8,256 |
|---------------------------------+------------------------+---------------|
| batch_normalization_3           | (None, 64)             |           256 |
| (BatchNormalization)            |                        |               |
|---------------------------------+------------------------+---------------|
| activation_3 (Activation)       | (None, 64)             |             0 |
|---------------------------------+------------------------+---------------|
| spectrum (Dense)                | (None, 20)             |         1,300 |
+--------------------------------------------------------------------------+
 Total params: 280,532 (1.07 MB)
 Trainable params: 278,612 (1.06 MB)
 Non-trainable params: 1,920 (7.50 KB)

Generating 1,000,000 training samples...
  Generated in 9.2s  (X: 800 MB, y: 80 MB)
  ep   10 | loss 5.32e-06 | val_loss 3.88e-05 | val_mae 1.92e-03
  ep   20 | loss 2.73e-06 | val_loss 2.36e-06 | val_mae 6.87e-04
  ep   30 | loss 1.95e-06 | val_loss 1.32e-06 | val_mae 5.13e-04
  ep   40 | loss 1.61e-06 | val_loss 1.53e-06 | val_mae 5.03e-04
  ep   50 | loss 1.45e-06 | val_loss 1.61e-06 | val_mae 4.99e-04
  ep   60 | loss 1.37e-06 | val_loss 1.52e-06 | val_mae 4.82e-04
Epoch 60: early stopping
Restoring model weights from the end of the best epoch: 30.

  Stopped at epoch 60  (best: 30)
  Training wall time : 2184.2s  (36.40s/epoch)
  Best val_loss      : 0.000001  (MSE on L1-normed 20-bin spectrum)
  Best val_MAE       : 0.000513
  Saved model_spectrum_n20.keras

Total wall time: 2186.0s
Saved spectrum_training_results.json
