2026-08-07 16:31:43.117582: I tensorflow/core/util/port.cc:153] oneDNN custom operations are on. You may see slightly different numerical results due to floating-point round-off errors from different computation orders. To turn them off, set the environment variable `TF_ENABLE_ONEDNN_OPTS=0`.
2026-08-07 16:31:44.940638: I tensorflow/core/util/port.cc:153] oneDNN custom operations are on. You may see slightly different numerical results due to floating-point round-off errors from different computation orders. To turn them off, set the environment variable `TF_ENABLE_ONEDNN_OPTS=0`.
C:\Users\oneal\AppData\Local\Packages\PythonSoftwareFoundation.Python.3.11_qbz5n2kfra8p0\LocalCache\local-packages\Python311\site-packages\keras\src\export\tf2onnx_lib.py:8: FutureWarning: In the future `np.object` will be defined as the corresponding NumPy scalar.
  if not hasattr(np, "object"):
2026-08-07 16:31:47.181461: I tensorflow/core/platform/cpu_feature_guard.cc:210] This TensorFlow binary is optimized to use available CPU instructions in performance-critical operations.
To enable the following instructions: SSE3 SSE4.1 SSE4.2 AVX AVX2 AVX_VNNI FMA, in other operations, rebuild TensorFlow with the appropriate compiler flags.
DRM shape: (200, 200)  min=841.643  max=296502384.657
Generating 20000 samples (10000 with bump, 10000 without)...
  Sampling loop    : 0.12s
  NumPy (DRM+noise): 0.104s
X shape: (20000, 200)  y shape: (20000, 5)
Model: "pff_regressor_v2"
+--------------------------------------------------------------------------+
| Layer (type)        | Output Shape      |    Param # | Connected to      |
|---------------------+-------------------+------------+-------------------|
| detector_response   | (None, 200)       |          0 | -                 |
| (InputLayer)        |                   |            |                   |
|---------------------+-------------------+------------+-------------------|
| dense (Dense)       | (None, 512)       |    102,912 | detector_respons… |
|---------------------+-------------------+------------+-------------------|
| batch_normalization | (None, 512)       |      2,048 | dense[0][0]       |
| (BatchNormalizatio… |                   |            |                   |
|---------------------+-------------------+------------+-------------------|
| activation          | (None, 512)       |          0 | batch_normalizat… |
| (Activation)        |                   |            |                   |
|---------------------+-------------------+------------+-------------------|
| dense_1 (Dense)     | (None, 256)       |    131,328 | activation[0][0]  |
|---------------------+-------------------+------------+-------------------|
| batch_normalizatio… | (None, 256)       |      1,024 | dense_1[0][0]     |
| (BatchNormalizatio… |                   |            |                   |
|---------------------+-------------------+------------+-------------------|
| activation_1        | (None, 256)       |          0 | batch_normalizat… |
| (Activation)        |                   |            |                   |
|---------------------+-------------------+------------+-------------------|
| dense_2 (Dense)     | (None, 128)       |     32,896 | activation_1[0][… |
|---------------------+-------------------+------------+-------------------|
| batch_normalizatio… | (None, 128)       |        512 | dense_2[0][0]     |
| (BatchNormalizatio… |                   |            |                   |
|---------------------+-------------------+------------+-------------------|
| activation_2        | (None, 128)       |          0 | batch_normalizat… |
| (Activation)        |                   |            |                   |
|---------------------+-------------------+------------+-------------------|
| a12_logvar_tanh     | (None, 2)         |        258 | activation_2[0][… |
| (Dense)             |                   |            |                   |
|---------------------+-------------------+------------+-------------------|
| a345_logvar_tanh    | (None, 3)         |        387 | activation_2[0][… |
| (Dense)             |                   |            |                   |
|---------------------+-------------------+------------+-------------------|
| a12_mean (Dense)    | (None, 2)         |        258 | activation_2[0][… |
|---------------------+-------------------+------------+-------------------|
| a12_logvar          | (None, 2)         |          0 | a12_logvar_tanh[… |
| (Rescaling)         |                   |            |                   |
|---------------------+-------------------+------------+-------------------|
| bump_logit (Dense)  | (None, 1)         |        129 | activation_2[0][… |
|---------------------+-------------------+------------+-------------------|
| a345_mean (Dense)   | (None, 3)         |        387 | activation_2[0][… |
|---------------------+-------------------+------------+-------------------|
| a345_logvar         | (None, 3)         |          0 | a345_logvar_tanh… |
| (Rescaling)         |                   |            |                   |
|---------------------+-------------------+------------+-------------------|
| pff_params_v2       | (None, 11)        |          0 | a12_mean[0][0],   |
| (Concatenate)       |                   |            | a12_logvar[0][0], |
|                     |                   |            | bump_logit[0][0], |
|                     |                   |            | a345_mean[0][0],  |
|                     |                   |            | a345_logvar[0][0] |
+--------------------------------------------------------------------------+
 Total params: 272,139 (1.04 MB)
 Trainable params: 270,347 (1.03 MB)
 Non-trainable params: 1,792 (7.00 KB)
  ep  10 | val_loss -2.79897 | spec_mse 1002.98 | rel_mse 6.9114 | 1sig cov 86% (bump 78%) | bump_acc 92%
           all : a1=91.444 | a2=0.046 | a3=3.838 | a4=12.743 | a5=19.451
           bump: a1=71.773 | a2=0.052 | a3=5.267 | a4=3.177 | a5=16.460
           max sigma: a1=195.42 | a2=0.14 | a3=22.43 | a4=14.55 | a5=26.24
  ep  20 | val_loss -2.79680 | spec_mse 928.87 | rel_mse 3.6453 | 1sig cov 87% (bump 77%) | bump_acc 93%
           all : a1=90.902 | a2=0.032 | a3=3.421 | a4=12.298 | a5=18.934
           bump: a1=70.780 | a2=0.039 | a3=5.355 | a4=2.878 | a5=17.781
           max sigma: a1=201.29 | a2=0.14 | a3=17.77 | a4=16.05 | a5=27.37
  ep  30 | val_loss -2.82848 | spec_mse 988.06 | rel_mse 8.7317 | 1sig cov 87% (bump 73%) | bump_acc 94%
           all : a1=90.320 | a2=0.024 | a3=3.166 | a4=12.788 | a5=18.943
           bump: a1=69.793 | a2=0.028 | a3=5.208 | a4=3.407 | a5=18.225
           max sigma: a1=175.87 | a2=0.13 | a3=14.91 | a4=16.39 | a5=28.76
  ep  40 | val_loss -3.09647 | spec_mse 1060.21 | rel_mse 6.8571 | 1sig cov 87% (bump 87%) | bump_acc 94%
           all : a1=90.073 | a2=0.020 | a3=2.978 | a4=12.566 | a5=15.386
           bump: a1=69.466 | a2=0.027 | a3=5.233 | a4=2.039 | a5=11.260
           max sigma: a1=149.36 | a2=0.13 | a3=14.77 | a4=18.42 | a5=28.05
  ep  50 | val_loss -3.11241 | spec_mse 986.14 | rel_mse 4.9672 | 1sig cov 87% (bump 88%) | bump_acc 94%
           all : a1=90.343 | a2=0.021 | a3=2.929 | a4=12.447 | a5=15.185
           bump: a1=69.458 | a2=0.028 | a3=5.183 | a4=2.058 | a5=10.566
           max sigma: a1=151.06 | a2=0.13 | a3=14.51 | a4=19.38 | a5=27.09
  ep  60 | val_loss -3.10768 | spec_mse 935.76 | rel_mse 4.0407 | 1sig cov 87% (bump 88%) | bump_acc 93%
           all : a1=90.710 | a2=0.023 | a3=2.933 | a4=12.601 | a5=15.224
           bump: a1=69.551 | a2=0.029 | a3=5.223 | a4=1.914 | a5=10.319
           max sigma: a1=162.63 | a2=0.13 | a3=14.82 | a4=21.77 | a5=26.09
  ep  70 | val_loss -3.12308 | spec_mse 880.28 | rel_mse 3.8726 | 1sig cov 87% (bump 88%) | bump_acc 94%
           all : a1=90.170 | a2=0.025 | a3=3.004 | a4=12.617 | a5=15.103
           bump: a1=69.298 | a2=0.031 | a3=5.315 | a4=2.057 | a5=10.443
           max sigma: a1=163.97 | a2=0.13 | a3=15.03 | a4=18.86 | a5=25.92
  ep  80 | val_loss -3.16475 | spec_mse 883.87 | rel_mse 3.6381 | 1sig cov 87% (bump 89%) | bump_acc 94%
           all : a1=89.676 | a2=0.021 | a3=2.812 | a4=12.507 | a5=14.172
           bump: a1=68.889 | a2=0.028 | a3=5.081 | a4=1.894 | a5=9.527
           max sigma: a1=157.34 | a2=0.13 | a3=14.49 | a4=21.92 | a5=24.96
  ep  90 | val_loss -3.16793 | spec_mse 929.96 | rel_mse 3.9951 | 1sig cov 87% (bump 89%) | bump_acc 94%
           all : a1=89.754 | a2=0.018 | a3=2.805 | a4=12.437 | a5=14.314
           bump: a1=68.944 | a2=0.027 | a3=5.110 | a4=1.864 | a5=9.780
           max sigma: a1=166.64 | a2=0.13 | a3=14.58 | a4=22.85 | a5=24.93
  ep 100 | val_loss -3.18112 | spec_mse 913.03 | rel_mse 4.0203 | 1sig cov 87% (bump 89%) | bump_acc 94%
           all : a1=89.570 | a2=0.018 | a3=2.795 | a4=12.434 | a5=13.967
           bump: a1=68.649 | a2=0.026 | a3=5.099 | a4=1.822 | a5=9.352
           max sigma: a1=167.57 | a2=0.13 | a3=14.50 | a4=22.66 | a5=24.69
  ep 110 | val_loss -3.18985 | spec_mse 890.61 | rel_mse 4.1243 | 1sig cov 87% (bump 89%) | bump_acc 95%
           all : a1=89.550 | a2=0.019 | a3=2.791 | a4=12.441 | a5=13.928
           bump: a1=68.668 | a2=0.026 | a3=5.090 | a4=1.781 | a5=8.926
           max sigma: a1=161.23 | a2=0.13 | a3=14.29 | a4=21.34 | a5=24.22
  ep 120 | val_loss -3.19299 | spec_mse 908.70 | rel_mse 4.3253 | 1sig cov 87% (bump 89%) | bump_acc 95%
           all : a1=89.694 | a2=0.017 | a3=2.784 | a4=12.427 | a5=14.089
           bump: a1=68.734 | a2=0.024 | a3=5.071 | a4=1.772 | a5=8.947
           max sigma: a1=165.50 | a2=0.13 | a3=14.18 | a4=22.43 | a5=24.24
  ep 130 | val_loss -3.19014 | spec_mse 884.69 | rel_mse 4.0162 | 1sig cov 87% (bump 90%) | bump_acc 95%
           all : a1=89.832 | a2=0.019 | a3=2.781 | a4=12.414 | a5=14.058
           bump: a1=68.687 | a2=0.024 | a3=5.110 | a4=1.778 | a5=8.952
           max sigma: a1=170.39 | a2=0.13 | a3=14.21 | a4=24.51 | a5=24.13
  ep 140 | val_loss -3.19738 | spec_mse 896.70 | rel_mse 3.7342 | 1sig cov 87% (bump 90%) | bump_acc 95%
           all : a1=89.797 | a2=0.019 | a3=2.783 | a4=12.455 | a5=14.029
           bump: a1=68.914 | a2=0.023 | a3=5.128 | a4=1.788 | a5=8.821
           max sigma: a1=176.04 | a2=0.13 | a3=14.15 | a4=26.05 | a5=24.46
  ep 150 | val_loss -3.20303 | spec_mse 879.98 | rel_mse 3.8642 | 1sig cov 87% (bump 90%) | bump_acc 95%
           all : a1=89.712 | a2=0.019 | a3=2.767 | a4=12.455 | a5=14.049
           bump: a1=68.857 | a2=0.023 | a3=5.064 | a4=1.797 | a5=8.799
           max sigma: a1=172.63 | a2=0.13 | a3=14.21 | a4=24.39 | a5=24.45
  ep 160 | val_loss -3.20177 | spec_mse 865.61 | rel_mse 3.4630 | 1sig cov 87% (bump 90%) | bump_acc 95%
           all : a1=89.728 | a2=0.020 | a3=2.762 | a4=12.457 | a5=14.016
           bump: a1=68.760 | a2=0.025 | a3=5.100 | a4=1.766 | a5=8.822
           max sigma: a1=179.42 | a2=0.13 | a3=14.18 | a4=25.06 | a5=24.17
  ep 170 | val_loss -3.20283 | spec_mse 921.24 | rel_mse 4.4433 | 1sig cov 87% (bump 88%) | bump_acc 95%
           all : a1=89.728 | a2=0.014 | a3=2.703 | a4=12.472 | a5=14.156
           bump: a1=69.407 | a2=0.021 | a3=5.014 | a4=1.707 | a5=9.544
           max sigma: a1=167.95 | a2=0.13 | a3=14.03 | a4=24.84 | a5=24.48
  ep 180 | val_loss -3.22271 | spec_mse 891.61 | rel_mse 4.8299 | 1sig cov 87% (bump 90%) | bump_acc 95%
           all : a1=89.421 | a2=0.012 | a3=2.684 | a4=12.484 | a5=13.787
           bump: a1=68.889 | a2=0.020 | a3=4.980 | a4=1.650 | a5=8.736
           max sigma: a1=151.94 | a2=0.13 | a3=13.95 | a4=22.68 | a5=24.49
  ep 190 | val_loss -3.22063 | spec_mse 890.58 | rel_mse 4.8244 | 1sig cov 87% (bump 89%) | bump_acc 95%
           all : a1=89.407 | a2=0.013 | a3=2.676 | a4=12.508 | a5=13.920
           bump: a1=68.845 | a2=0.020 | a3=4.977 | a4=1.652 | a5=8.918
           max sigma: a1=151.50 | a2=0.13 | a3=13.93 | a4=22.87 | a5=24.64
  ep 200 | val_loss -3.23130 | spec_mse 867.11 | rel_mse 4.7977 | 1sig cov 87% (bump 90%) | bump_acc 96%
           all : a1=89.290 | a2=0.012 | a3=2.668 | a4=12.489 | a5=13.685
           bump: a1=68.662 | a2=0.020 | a3=4.959 | a4=1.620 | a5=8.495
           max sigma: a1=151.90 | a2=0.13 | a3=13.93 | a4=21.84 | a5=24.65
  ep 210 | val_loss -3.23100 | spec_mse 867.89 | rel_mse 4.7889 | 1sig cov 87% (bump 90%) | bump_acc 96%
           all : a1=89.312 | a2=0.012 | a3=2.666 | a4=12.507 | a5=13.735
           bump: a1=68.664 | a2=0.020 | a3=4.954 | a4=1.623 | a5=8.559
           max sigma: a1=151.70 | a2=0.13 | a3=13.94 | a4=21.61 | a5=24.52
  ep 220 | val_loss -3.23209 | spec_mse 871.97 | rel_mse 4.8333 | 1sig cov 87% (bump 90%) | bump_acc 96%
           all : a1=89.310 | a2=0.012 | a3=2.659 | a4=12.520 | a5=13.731
           bump: a1=68.654 | a2=0.020 | a3=4.945 | a4=1.616 | a5=8.554
           max sigma: a1=151.64 | a2=0.13 | a3=13.93 | a4=21.65 | a5=24.76
  ep 230 | val_loss -3.23179 | spec_mse 866.00 | rel_mse 4.7322 | 1sig cov 87% (bump 90%) | bump_acc 96%
           all : a1=89.298 | a2=0.012 | a3=2.655 | a4=12.527 | a5=13.743
           bump: a1=68.650 | a2=0.020 | a3=4.947 | a4=1.609 | a5=8.576
           max sigma: a1=151.42 | a2=0.13 | a3=13.92 | a4=21.74 | a5=24.81
  ep 240 | val_loss -3.23168 | spec_mse 867.17 | rel_mse 4.7623 | 1sig cov 87% (bump 90%) | bump_acc 96%
           all : a1=89.304 | a2=0.012 | a3=2.649 | a4=12.532 | a5=13.791
           bump: a1=68.661 | a2=0.020 | a3=4.939 | a4=1.613 | a5=8.628
           max sigma: a1=151.57 | a2=0.13 | a3=13.91 | a4=21.89 | a5=24.79
  ep 250 | val_loss -3.23330 | spec_mse 861.48 | rel_mse 4.7274 | 1sig cov 87% (bump 90%) | bump_acc 96%
           all : a1=89.280 | a2=0.012 | a3=2.647 | a4=12.536 | a5=13.778
           bump: a1=68.653 | a2=0.020 | a3=4.938 | a4=1.612 | a5=8.575
           max sigma: a1=151.65 | a2=0.13 | a3=13.91 | a4=21.76 | a5=24.88
  ep 260 | val_loss -3.23195 | spec_mse 858.39 | rel_mse 4.7602 | 1sig cov 87% (bump 90%) | bump_acc 96%
           all : a1=89.243 | a2=0.012 | a3=2.647 | a4=12.561 | a5=13.829
           bump: a1=68.597 | a2=0.020 | a3=4.937 | a4=1.622 | a5=8.660
           max sigma: a1=151.67 | a2=0.13 | a3=13.91 | a4=22.05 | a5=24.79
  ep 270 | val_loss -3.23356 | spec_mse 854.17 | rel_mse 4.7377 | 1sig cov 87% (bump 90%) | bump_acc 96%
           all : a1=89.238 | a2=0.012 | a3=2.646 | a4=12.565 | a5=13.809
           bump: a1=68.571 | a2=0.020 | a3=4.936 | a4=1.626 | a5=8.618
           max sigma: a1=151.32 | a2=0.13 | a3=13.92 | a4=22.29 | a5=24.95
  ep 280 | val_loss -3.23596 | spec_mse 850.83 | rel_mse 4.7376 | 1sig cov 87% (bump 90%) | bump_acc 96%
           all : a1=89.242 | a2=0.012 | a3=2.638 | a4=12.576 | a5=13.771
           bump: a1=68.565 | a2=0.020 | a3=4.927 | a4=1.620 | a5=8.540
           max sigma: a1=151.09 | a2=0.13 | a3=13.91 | a4=22.47 | a5=25.04
  ep 290 | val_loss -3.23673 | spec_mse 849.24 | rel_mse 4.7967 | 1sig cov 87% (bump 90%) | bump_acc 96%
           all : a1=89.252 | a2=0.013 | a3=2.637 | a4=12.593 | a5=13.759
           bump: a1=68.575 | a2=0.020 | a3=4.928 | a4=1.616 | a5=8.462
           max sigma: a1=150.95 | a2=0.13 | a3=13.93 | a4=22.29 | a5=25.07
  ep 300 | val_loss -3.24022 | spec_mse 841.74 | rel_mse 4.7188 | 1sig cov 87% (bump 90%) | bump_acc 96%
           all : a1=89.209 | a2=0.012 | a3=2.635 | a4=12.578 | a5=13.677
           bump: a1=68.541 | a2=0.020 | a3=4.926 | a4=1.610 | a5=8.363
           max sigma: a1=151.24 | a2=0.13 | a3=13.93 | a4=22.23 | a5=25.07

Stopped at epoch 300  (best epoch: 299)
Training wall time : 268.3s  (0.89s/epoch)
Best val_loss      : -3.239130
Spectrum MSE       : 840.9286  (at best epoch)
Spectrum rel-MSE   : 4.716708  (bump region, E>5 MeV)
Bump classifier acc: 95.9%
Param   MAE (all)  MAE (bump only)   Max sigma  (at best epoch)
  a1     89.2128          68.5418      151.42
  a2      0.0125           0.0201        0.13
  a3      2.6343           4.9238       13.93
  a4     12.5801           1.6061       22.16
  a5     13.7197           8.4180       25.08
1-sigma coverage   : a1/a2/a3=87% (want ~68%)  a4/a5(bump only)=90%
Saved model_pff_v2.keras and pff_training_results_v2.json

--- Timing summary ---
  Sampling loop     : 0.12s
  NumPy (DRM+noise) : 0.104s
  Training          : 268.3s  (300 epochs, 0.89s/epoch)
  Total wall time   : 269.1s
